###############################################################################
#
# IAR ELF Linker V8.22.1.15669/W32 for ARM                14/Dec/2018  23:01:34
# Copyright 2007-2018 IAR Systems AB.
#
#    Output file  =  
#        E:\Storage\CODES\GitHub\Smartcar-on-Mount-Haruna\KEA
#        Demo\IAR\Flash_Debug\Exe\SEUsmartcar_KEA.out
#    Map file     =  
#        E:\Storage\CODES\GitHub\Smartcar-on-Mount-Haruna\KEA
#        Demo\IAR\Flash_Debug\List\SEUsmartcar_KEA.map
#    Command line =  
#        -f C:\Users\zyf19\AppData\Local\Temp\EWA5EC.tmp
#        ("E:\Storage\CODES\GitHub\Smartcar-on-Mount-Haruna\KEA
#        Demo\IAR\Flash_Debug\Obj\cstartup_M_KEA128.o"
#        "E:\Storage\CODES\GitHub\Smartcar-on-Mount-Haruna\KEA
#        Demo\IAR\Flash_Debug\Obj\delay.o"
#        "E:\Storage\CODES\GitHub\Smartcar-on-Mount-Haruna\KEA
#        Demo\IAR\Flash_Debug\Obj\font.o"
#        "E:\Storage\CODES\GitHub\Smartcar-on-Mount-Haruna\KEA
#        Demo\IAR\Flash_Debug\Obj\KEA128_ADC.o"
#        "E:\Storage\CODES\GitHub\Smartcar-on-Mount-Haruna\KEA
#        Demo\IAR\Flash_Debug\Obj\KEA128_FLASH.o"
#        "E:\Storage\CODES\GitHub\Smartcar-on-Mount-Haruna\KEA
#        Demo\IAR\Flash_Debug\Obj\KEA128_FTM.o"
#        "E:\Storage\CODES\GitHub\Smartcar-on-Mount-Haruna\KEA
#        Demo\IAR\Flash_Debug\Obj\KEA128_GPIO.o"
#        "E:\Storage\CODES\GitHub\Smartcar-on-Mount-Haruna\KEA
#        Demo\IAR\Flash_Debug\Obj\KEA128_IRQ.o"
#        "E:\Storage\CODES\GitHub\Smartcar-on-Mount-Haruna\KEA
#        Demo\IAR\Flash_Debug\Obj\KEA128_KBI.o"
#        "E:\Storage\CODES\GitHub\Smartcar-on-Mount-Haruna\KEA
#        Demo\IAR\Flash_Debug\Obj\KEA128_PIT.o"
#        "E:\Storage\CODES\GitHub\Smartcar-on-Mount-Haruna\KEA
#        Demo\IAR\Flash_Debug\Obj\KEA128_Port.o"
#        "E:\Storage\CODES\GitHub\Smartcar-on-Mount-Haruna\KEA
#        Demo\IAR\Flash_Debug\Obj\KEA128_RTC.o"
#        "E:\Storage\CODES\GitHub\Smartcar-on-Mount-Haruna\KEA
#        Demo\IAR\Flash_Debug\Obj\KEA128_spi.o"
#        "E:\Storage\CODES\GitHub\Smartcar-on-Mount-Haruna\KEA
#        Demo\IAR\Flash_Debug\Obj\KEA128_systick.o"
#        "E:\Storage\CODES\GitHub\Smartcar-on-Mount-Haruna\KEA
#        Demo\IAR\Flash_Debug\Obj\KEA128_UART.o"
#        "E:\Storage\CODES\GitHub\Smartcar-on-Mount-Haruna\KEA
#        Demo\IAR\Flash_Debug\Obj\low_level_init.o"
#        "E:\Storage\CODES\GitHub\Smartcar-on-Mount-Haruna\KEA
#        Demo\IAR\Flash_Debug\Obj\main.o"
#        "E:\Storage\CODES\GitHub\Smartcar-on-Mount-Haruna\KEA
#        Demo\IAR\Flash_Debug\Obj\misc.o"
#        "E:\Storage\CODES\GitHub\Smartcar-on-Mount-Haruna\KEA
#        Demo\IAR\Flash_Debug\Obj\OLED_0_96.o"
#        "E:\Storage\CODES\GitHub\Smartcar-on-Mount-Haruna\KEA
#        Demo\IAR\Flash_Debug\Obj\SEEKFREE_IIC.o"
#        "E:\Storage\CODES\GitHub\Smartcar-on-Mount-Haruna\KEA
#        Demo\IAR\Flash_Debug\Obj\SEEKFREE_MPU6050.o"
#        "E:\Storage\CODES\GitHub\Smartcar-on-Mount-Haruna\KEA
#        Demo\IAR\Flash_Debug\Obj\system_SKEAZ1284.o"
#        "E:\Storage\CODES\GitHub\Smartcar-on-Mount-Haruna\KEA
#        Demo\IAR\Flash_Debug\Obj\TFT_1_8.o" -o
#        "E:\Storage\CODES\GitHub\Smartcar-on-Mount-Haruna\KEA
#        Demo\IAR\Flash_Debug\Exe\SEUsmartcar_KEA.out" --redirect
#        _Scanf=_ScanfSmallNoMb --map
#        "E:\Storage\CODES\GitHub\Smartcar-on-Mount-Haruna\KEA
#        Demo\IAR\Flash_Debug\List\SEUsmartcar_KEA.map" --config
#        "E:\Storage\CODES\GitHub\Smartcar-on-Mount-Haruna\KEA
#        Demo\IAR\..\Libraries\Device\IAR-ARM\linker\KEAZ128xxx4.icf"
#        --semihosting --entry __iar_program_start --vfe --text_out locale)
#
###############################################################################

*******************************************************************************
*** RUNTIME MODEL ATTRIBUTES
***

CppFlavor       = *
__SystemLibrary = DLib
__dlib_version  = 6


*******************************************************************************
*** HEAP SELECTION
***

The basic heap was selected because no calls to memory allocation
functions were found in the application outside of system library
functions, and there are calls to deallocation functions in the
application.


*******************************************************************************
*** PLACEMENT SUMMARY
***

"A0":  place at 0x00000000 { ro section .intvec };
"P2":  place in [from 0x00000000 to 0x000003ff] |
                [from 0x00000410 to 0x0001ffff] { ro };
define block CSTACK with size = 1K, alignment = 8 { };
define block HEAP with size = 0M, alignment = 8 { };
"P3":  place in [from 0x1ffff000 to 0x1fffffff] |
                [from 0x20000000 to 0x20002fff] {
          rw, block CSTACK, block HEAP };
initialize by copy { rw };

No sections matched the following patterns:

  section FlashConfig  in "P1"


  Section            Kind        Address    Size  Object
  -------            ----        -------    ----  ------
"A0":                                       0xc0
  .intvec            ro code  0x00000000    0xc0  cstartup_M_KEA128.o [1]
                            - 0x000000c0    0xc0

"P2", part 1 of 2:                          0x14
  .rodata            const    0x000000c0     0x0  zero_init3.o [5]
  .rodata            const    0x000000c0     0x0  copy_init3.o [5]
  Initializer bytes  const    0x000000c0    0x14  <for P3 s0>
                            - 0x000000d4    0x14

"P2", part 2 of 2:                        0x383c
  .text              ro code  0x00000410   0xc6a  xprintflarge_nomb.o [3]
  .text              ro code  0x0000107a    0x16  strchr.o [5]
  .text              ro code  0x00001090    0x48  xfail_s.o [3]
  .text              ro code  0x000010d8    0x10  strlen.o [5]
  .text              ro code  0x000010e8    0x18  memchr.o [5]
  .text              ro code  0x00001100    0x6a  I64DivMod.o [5]
  .text              ro code  0x0000116a   0x184  DblMul.o [4]
  .text              ro code  0x000012ee     0xa  xsprout.o [3]
  .text              ro code  0x000012f8    0x5c  ABImemcpy.o [5]
  .text              ro code  0x00001354    0xe0  I32DivModFast.o [5]
  .text              ro code  0x00001434    0x32  DblCmpLe.o [4]
  .text              ro code  0x00001466    0xc2  DblDiv.o [4]
  .text              ro code  0x00001528    0x52  DblToI32.o [4]
  .text              ro code  0x0000157a     0x2  cstartup_M_KEA128.o [1]
  .text              ro code  0x0000157c    0x34  IxxToDbl.o [4]
  .text              ro code  0x000015b0   0x1a8  DblAddSub.o [4]
  .text              ro code  0x00001758     0xa  abort.o [3]
  .text              ro code  0x00001764     0x2  I64DivZer.o [5]
  .text              ro code  0x00001768     0x2  IntDivZer.o [5]
  .text              ro code  0x0000176c    0x14  exit.o [6]
  .text              ro code  0x00001780   0x690  OLED_0_96.o [1]
  .text              ro code  0x00001e10   0x18c  KEA128_GPIO.o [1]
  .text              ro code  0x00001f9c    0x4e  delay.o [1]
  .text              ro code  0x00001fec    0x70  KEA128_Port.o [1]
  .rodata            const    0x0000205c   0x5f0  font.o [1]
  .text              ro code  0x0000264c   0x524  KEA128_FTM.o [1]
  .rodata            const    0x00002b70   0x474  font.o [1]
  .text              ro code  0x00002fe4   0x2b0  main.o [1]
  .text              ro code  0x00003294    0xd8  KEA128_PIT.o [1]
  .text              ro code  0x0000336c   0x16c  system_SKEAZ1284.o [1]
  .text              ro code  0x000034d8    0x78  KEA128_ADC.o [1]
  .text              ro code  0x00003550    0x26  FltToU32.o [4]
  .text              ro code  0x00003578    0x32  FltToDbl.o [4]
  .text              ro code  0x000035ac    0x40  sprintf.o [3]
  .text              ro code  0x000035ec    0x36  IxxToFlt.o [4]
  .text              ro code  0x00003622    0xb0  FltMul.o [4]
  .text              ro code  0x000036d2    0xaa  FltDiv.o [4]
  .rodata            const    0x0000377c   0x228  font.o [1]
  .text              ro code  0x000039a4    0xac  KEA128_KBI.o [1]
  .text              ro code  0x00003a50    0x78  KEA128_UART.o [1]
  .text              ro code  0x00003ac8    0x40  low_level_init.o [1]
  .text              ro code  0x00003b08    0x3c  zero_init3.o [5]
  .text              ro code  0x00003b44    0x30  copy_init3.o [5]
  .text              ro code  0x00003b74    0x28  data_init.o [5]
  .iar.init_table    const    0x00003b9c    0x24  - Linker created -
  .text              ro code  0x00003bc0    0x1e  cmain.o [5]
  .text              ro code  0x00003bde     0x8  exit.o [3]
  .text              ro code  0x00003be8     0xa  cexit.o [5]
  .rodata            const    0x00003bf4    0x18  system_SKEAZ1284.o [1]
  .rodata            const    0x00003c0c     0xc  KEA128_FTM.o [1]
  .rodata            const    0x00003c18     0xc  KEA128_GPIO.o [1]
  .rodata            const    0x00003c24     0xc  KEA128_Port.o [1]
  .text              ro code  0x00003c30     0xc  cstartup_M.o [5]
  .rodata            const    0x00003c3c     0x8  main.o [1]
  .rodata            const    0x00003c44     0x4  main.o [1]
  .rodata            const    0x00003c48     0x4  main.o [1]
                            - 0x00003c4c  0x383c

"P3", part 1 of 3:                          0x14
  P3 s0                       0x1ffff000    0x14  <Init block>
    .data            inited   0x1ffff000     0x4  system_SKEAZ1284.o [1]
    .data            inited   0x1ffff004     0x4  system_SKEAZ1284.o [1]
    .data            inited   0x1ffff008     0x4  system_SKEAZ1284.o [1]
    .data            inited   0x1ffff00c     0x4  system_SKEAZ1284.o [1]
    .data            inited   0x1ffff010     0x4  system_SKEAZ1284.o [1]
                            - 0x1ffff014    0x14

"P3", part 2 of 3:                         0x434
  .bss               zero     0x1ffff014   0x400  OLED_0_96.o [1]
  .bss               zero     0x1ffff414    0x14  main.o [1]
  .bss               zero     0x1ffff428     0x8  KEA128_FTM.o [1]
  .bss               zero     0x1ffff430     0x4  KEA128_KBI.o [1]
  .bss               zero     0x1ffff434     0x4  KEA128_PIT.o [1]
  .bss               zero     0x1ffff438     0x4  KEA128_UART.o [1]
  .bss               zero     0x1ffff43c     0x4  main.o [1]
  .bss               zero     0x1ffff440     0x4  xfail_s.o [3]
  .bss               zero     0x1ffff444     0x2  main.o [1]
  .bss               zero     0x1ffff446     0x2  main.o [1]
                            - 0x1ffff448   0x434

"P3", part 3 of 3:                         0x400
  CSTACK                      0x1ffff448   0x400  <Block>
    CSTACK           uninit   0x1ffff448   0x400  <Block tail>
                            - 0x1ffff848   0x400


*******************************************************************************
*** INIT TABLE
***

          Address     Size
          -------     ----
Zero (__iar_zero_init3)
    1 destination range, total size 0x434:
          0x1ffff014  0x434

Copy (__iar_copy_init3)
    1 source range, total size 0x14:
          0x000000c0   0x14
    1 destination range, total size 0x14:
          0x1ffff000   0x14



*******************************************************************************
*** MODULE SUMMARY
***

    Module               ro code  ro data  rw data
    ------               -------  -------  -------
E:\Storage\CODES\GitHub\Smartcar-on-Mount-Haruna\KEA Demo\IAR\Flash_Debug\Obj: [1]
    KEA128_ADC.o             120
    KEA128_FTM.o           1 316       12        8
    KEA128_GPIO.o            396       12
    KEA128_KBI.o             172                 4
    KEA128_PIT.o             216                 4
    KEA128_Port.o            112       12
    KEA128_UART.o            120                 4
    OLED_0_96.o            1 680             1 024
    cstartup_M_KEA128.o      194
    delay.o                   78
    font.o                          3 212
    low_level_init.o          64
    main.o                   688       16       28
    system_SKEAZ1284.o       364       44       20
    ----------------------------------------------
    Total:                 5 520    3 308    1 092

command line: [2]
    ----------------------------------------------
    Total:

dl6M_tln.a: [3]
    abort.o                   10
    exit.o                     8
    sprintf.o                 64
    xfail_s.o                 72                 4
    xprintflarge_nomb.o    3 178
    xsprout.o                 10
    ----------------------------------------------
    Total:                 3 342                 4

m6M_tl.a: [4]
    DblAddSub.o              424
    DblCmpLe.o                50
    DblDiv.o                 194
    DblMul.o                 388
    DblToI32.o                82
    FltDiv.o                 170
    FltMul.o                 176
    FltToDbl.o                50
    FltToU32.o                38
    IxxToDbl.o                52
    IxxToFlt.o                54
    ----------------------------------------------
    Total:                 1 678

rt6M_tl.a: [5]
    ABImemcpy.o               92
    I32DivModFast.o          224
    I64DivMod.o              106
    I64DivZer.o                2
    IntDivZer.o                2
    cexit.o                   10
    cmain.o                   30
    copy_init3.o              48
    cstartup_M.o              12
    data_init.o               40
    memchr.o                  24
    strchr.o                  22
    strlen.o                  16
    zero_init3.o              60
    ----------------------------------------------
    Total:                   688

shb_l.a: [6]
    exit.o                    20
    ----------------------------------------------
    Total:                    20

    Gaps                      14        2
    Linker created                     36    1 024
--------------------------------------------------
    Grand Total:          11 262    3 346    2 120


*******************************************************************************
*** ENTRY LIST
***

Entry                      Address   Size  Type      Object
-----                      -------   ----  ----      ------
.iar.init_table$$Base   0x00003b9c          --   Gb  - Linker created -
.iar.init_table$$Limit  0x00003bc0          --   Gb  - Linker created -
?main                   0x00003bc1         Code  Gb  cmain.o [5]
AD1                     0x1ffff444    0x2  Data  Gb  main.o [1]
AD2                     0x1ffff446    0x2  Data  Gb  main.o [1]
ADC_Init                0x000034d9   0x30  Code  Gb  KEA128_ADC.o [1]
ADC_Read                0x00003509   0x2e  Code  Gb  KEA128_ADC.o [1]
CSTACK$$Base            0x1ffff448          --   Gb  - Linker created -
CSTACK$$Limit           0x1ffff848          --   Gb  - Linker created -
Clock_Config            0x0000336d   0x38  Code  Gb  system_SKEAZ1284.o [1]
Disable_Interrupt       0x00003483   0x1c  Code  Gb  system_SKEAZ1284.o [1]
Enable_Interrupt        0x0000344b   0x38  Code  Gb  system_SKEAZ1284.o [1]
F6x8                    0x0000377c  0x228  Data  Gb  font.o [1]
FTMX                    0x00003c0c    0xc  Data  Lc  KEA128_FTM.o [1]
FTM_PWM_Duty            0x00002a89   0xd6  Code  Gb  KEA128_FTM.o [1]
FTM_PWM_Init            0x000028f5  0x18e  Code  Gb  KEA128_FTM.o [1]
FTM_Pinmux              0x0000264d  0x290  Code  Gb  KEA128_FTM.o [1]
GPIOX                   0x00003c18    0xc  Data  Lc  KEA128_GPIO.o [1]
GPIO_Dir                0x00001e73   0xbe  Code  Gb  KEA128_GPIO.o [1]
GPIO_Init               0x00001e11   0x62  Code  Gb  KEA128_GPIO.o [1]
GPIO_Set                0x00001f31   0x4a  Code  Gb  KEA128_GPIO.o [1]
GPIO_Turn               0x00001f7b   0x1c  Code  Gb  KEA128_GPIO.o [1]
Get_Clk                 0x000033a5   0xa6  Code  Gb  system_SKEAZ1284.o [1]
KBI0_IRQHandler         0x000039a5   0x4c  Code  Gb  KEA128_KBI.o [1]
KBI1_IRQHandler         0x000039f1   0x4a  Code  Gb  KEA128_KBI.o [1]
KBI_Callback            0x1ffff430    0x4  Data  Gb  KEA128_KBI.o [1]
LoadInt                 0x000005bd   0x74  Code  Lc  xprintflarge_nomb.o [3]
OLED_Clear              0x000018ef   0x36  Code  Gb  OLED_0_96.o [1]
OLED_Display_Config     0x00001a65   0x4a  Code  Gb  OLED_0_96.o [1]
OLED_DrawPoint          0x00001aaf   0xee  Code  Gb  OLED_0_96.o [1]
OLED_GRAM               0x1ffff014  0x400  Data  Gb  OLED_0_96.o [1]
OLED_Init               0x00001929  0x13c  Code  Gb  OLED_0_96.o [1]
OLED_Refresh_Gram       0x00001825   0x54  Code  Gb  OLED_0_96.o [1]
OLED_Refresh_Gram_Page  0x00001879   0x76  Code  Gb  OLED_0_96.o [1]
OLED_Set_Pos            0x000017df   0x46  Code  Gb  OLED_0_96.o [1]
OLED_Show_String        0x00001ba1  0x262  Code  Gb  OLED_0_96.o [1]
OLED_WR_Byte            0x00001781   0x5e  Code  Gb  OLED_0_96.o [1]
PIT_CH0_IRQHandler      0x0000332b   0x18  Code  Gb  KEA128_PIT.o [1]
PIT_CH1_IRQHandler      0x00003345   0x18  Code  Gb  KEA128_PIT.o [1]
PIT_Callback            0x1ffff434    0x4  Data  Gb  KEA128_PIT.o [1]
PIT_Init1               0x00003295   0x84  Code  Gb  KEA128_PIT.o [1]
PIT_Interrupt           0x00002fe5   0x10  Code  Gb  main.o [1]
PIT_SetCallback         0x00003325    0x6  Code  Gb  KEA128_PIT.o [1]
Port_Pue                0x00001fed   0x6a  Code  Gb  KEA128_Port.o [1]
Region$$Table$$Base     0x00003b9c          --   Gb  - Linker created -
Region$$Table$$Limit    0x00003bc0          --   Gb  - Linker created -
Soft_Delay_ms           0x00001fd1   0x1a  Code  Gb  delay.o [1]
Soft_Delay_us           0x00001f9d   0x30  Code  Gb  delay.o [1]
UART0_SCI0_IRQHandler   0x00003a51   0x22  Code  Gb  KEA128_UART.o [1]
UART1_SCI1_IRQHandler   0x00003a75   0x22  Code  Gb  KEA128_UART.o [1]
UART2_SCI2_IRQHandler   0x00003a97   0x22  Code  Gb  KEA128_UART.o [1]
UART_Callback           0x1ffff438    0x4  Data  Gb  KEA128_UART.o [1]
_GenldLargeNoMb         0x00000df5  0x250  Code  Lc  xprintflarge_nomb.o [3]
_LdtobLargeNoMb         0x00000b51  0x262  Code  Lc  xprintflarge_nomb.o [3]
_LitobLargeNoMb         0x000009ed  0x11a  Code  Lc  xprintflarge_nomb.o [3]
_PrintfLargeNoMb        0x00000411  0x1a0  Code  Gb  xprintflarge_nomb.o [3]
_PutcharsLargeNoMb      0x00001045   0x32  Code  Lc  xprintflarge_nomb.o [3]
_PutfldLargeNoMb        0x00000631  0x25c  Code  Lc  xprintflarge_nomb.o [3]
_PuttxtLargeNoMb        0x000008d9  0x114  Code  Lc  xprintflarge_nomb.o [3]
_SProut                 0x000012ef    0xa  Code  Gb  xsprout.o [3]
__aeabi_cdcmple         0x00001435         Code  Gb  DblCmpLe.o [4]
__aeabi_d2iz            0x00001529         Code  Gb  DblToI32.o [4]
__aeabi_d2uiz           0x0000154d         Code  Gb  DblToI32.o [4]
__aeabi_ddiv            0x00001467         Code  Gb  DblDiv.o [4]
__aeabi_dmul            0x0000116b         Code  Gb  DblMul.o [4]
__aeabi_dsub            0x0000166b         Code  Gb  DblAddSub.o [4]
__aeabi_f2d             0x00003579         Code  Gb  FltToDbl.o [4]
__aeabi_f2uiz           0x00003551         Code  Gb  FltToU32.o [4]
__aeabi_fdiv            0x000036d3         Code  Gb  FltDiv.o [4]
__aeabi_fmul            0x00003623         Code  Gb  FltMul.o [4]
__aeabi_i2d             0x0000159d         Code  Gb  IxxToDbl.o [4]
__aeabi_i2f             0x0000360d         Code  Gb  IxxToFlt.o [4]
__aeabi_idiv            0x00001381         Code  Gb  I32DivModFast.o [5]
__aeabi_idiv0           0x00001769         Code  Gb  IntDivZer.o [5]
__aeabi_idivmod         0x00001381         Code  Gb  I32DivModFast.o [5]
__aeabi_ldiv0           0x00001765         Code  Gb  I64DivZer.o [5]
__aeabi_memcpy          0x000012f9         Code  Gb  ABImemcpy.o [5]
__aeabi_memcpy4         0x00001321         Code  Wk  ABImemcpy.o [5]
__aeabi_ui2d            0x0000157d         Code  Gb  IxxToDbl.o [4]
__aeabi_ui2f            0x000035ed         Code  Gb  IxxToFlt.o [4]
__aeabi_uidiv           0x00001387         Code  Gb  I32DivModFast.o [5]
__aeabi_uidivmod        0x00001387         Code  Gb  I32DivModFast.o [5]
__aeabi_uldivmod        0x00001101         Code  Gb  I64DivMod.o [5]
__cmain                 0x00003bc1         Code  Gb  cmain.o [5]
__exit                  0x0000176d   0x14  Code  Gb  exit.o [6]
__iar_Fail_s            0x00001091   0x22  Code  Gb  xfail_s.o [3]
__iar_copy_init3        0x00003b45   0x30  Code  Gb  copy_init3.o [5]
__iar_d2uiz             0x00001551         Code  Gb  DblToI32.o [4]
__iar_data_init3        0x00003b75   0x28  Code  Gb  data_init.o [5]
__iar_program_start     0x00003c31         Code  Gb  cstartup_M.o [5]
__iar_systems$$module {Abs}
                        0x00000001         Data  Gb  command line/config [2]
__iar_zero_init3        0x00003b09   0x3c  Code  Gb  zero_init3.o [5]
__low_level_init        0x00003ac9   0x40  Code  Gb  low_level_init.o [1]
__vector_table          0x00000000         Data  Gb  cstartup_M_KEA128.o [1]
_call_main              0x00003bcd         Code  Gb  cmain.o [5]
_exit                   0x00003be9         Code  Gb  cexit.o [5]
_main                   0x00003bdb         Code  Gb  cmain.o [5]
abort                   0x00001759    0xa  Code  Gb  abort.o [3]
asc2_1206               0x00002b70  0x474  Data  Gb  font.o [1]
asc2_1608               0x0000205c  0x5f0  Data  Gb  font.o [1]
bus_clk_khz             0x1ffff010    0x4  Data  Gb  system_SKEAZ1284.o [1]
core_clk_khz            0x1ffff008    0x4  Data  Gb  system_SKEAZ1284.o [1]
ex_clk_khz              0x1ffff000    0x4  Data  Gb  system_SKEAZ1284.o [1]
exit                    0x00003bdf    0x8  Code  Gb  exit.o [3]
ics_clk_khz             0x1ffff004    0x4  Data  Gb  system_SKEAZ1284.o [1]
main                    0x00002ff5  0x254  Code  Gb  main.o [1]
memchr                  0x000010e9   0x18  Code  Gb  memchr.o [5]
mid                     0x00003c48    0x4  Data  Gb  main.o [1]
offset                  0x1ffff43c    0x4  Data  Gb  main.o [1]
period                  0x1ffff428    0x8  Data  Gb  KEA128_FTM.o [1]
scale                   0x00000b07   0x48  Code  Lc  xprintflarge_nomb.o [3]
sec_hand                0x1ffff440    0x4  Data  Lc  xfail_s.o [3]
speed                   0x00003c44    0x4  Data  Gb  main.o [1]
spring_oled             0x1ffff414   0x14  Data  Gb  main.o [1]
sprintf                 0x000035ad   0x40  Code  Gb  sprintf.o [3]
strchr                  0x0000107b    0x2  Code  Gb  strchr.o [5]
strlen                  0x000010d9   0x10  Code  Gb  strlen.o [5]
timer_clk_khz           0x1ffff00c    0x4  Data  Gb  system_SKEAZ1284.o [1]


[1] = E:\Storage\CODES\GitHub\Smartcar-on-Mount-Haruna\KEA Demo\IAR\Flash_Debug\Obj
[2] = command line
[3] = dl6M_tln.a
[4] = m6M_tl.a
[5] = rt6M_tl.a
[6] = shb_l.a

  11 262 bytes of readonly  code memory
   3 346 bytes of readonly  data memory
   2 120 bytes of readwrite data memory

Errors: none
Warnings: none
