###############################################################################
#
# IAR ELF Linker V8.22.2.15995/W32 for ARM                01/Nov/2018  15:48:00
# Copyright 2007-2018 IAR Systems AB.
#
#    Output file  =  
#        C:\Users\≤‹≤©\Desktop\KEA≤‚ ‘¥˙¬Î\IAR\Flash_Debug\Exe\SEUsmartcar_KEA.out
#    Map file     =  
#        C:\Users\≤‹≤©\Desktop\KEA≤‚ ‘¥˙¬Î\IAR\Flash_Debug\List\SEUsmartcar_KEA.map
#    Command line =  
#        -f C:\user\default\EW17FD.tmp
#        (C:\Users\≤‹≤©\Desktop\KEA≤‚ ‘¥˙¬Î\IAR\Flash_Debug\Obj\cstartup_M_KEA128.o
#        C:\Users\≤‹≤©\Desktop\KEA≤‚ ‘¥˙¬Î\IAR\Flash_Debug\Obj\delay.o
#        C:\Users\≤‹≤©\Desktop\KEA≤‚ ‘¥˙¬Î\IAR\Flash_Debug\Obj\font.o
#        C:\Users\≤‹≤©\Desktop\KEA≤‚ ‘¥˙¬Î\IAR\Flash_Debug\Obj\KEA128_ADC.o
#        C:\Users\≤‹≤©\Desktop\KEA≤‚ ‘¥˙¬Î\IAR\Flash_Debug\Obj\KEA128_FLASH.o
#        C:\Users\≤‹≤©\Desktop\KEA≤‚ ‘¥˙¬Î\IAR\Flash_Debug\Obj\KEA128_FTM.o
#        C:\Users\≤‹≤©\Desktop\KEA≤‚ ‘¥˙¬Î\IAR\Flash_Debug\Obj\KEA128_GPIO.o
#        C:\Users\≤‹≤©\Desktop\KEA≤‚ ‘¥˙¬Î\IAR\Flash_Debug\Obj\KEA128_IRQ.o
#        C:\Users\≤‹≤©\Desktop\KEA≤‚ ‘¥˙¬Î\IAR\Flash_Debug\Obj\KEA128_KBI.o
#        C:\Users\≤‹≤©\Desktop\KEA≤‚ ‘¥˙¬Î\IAR\Flash_Debug\Obj\KEA128_PIT.o
#        C:\Users\≤‹≤©\Desktop\KEA≤‚ ‘¥˙¬Î\IAR\Flash_Debug\Obj\KEA128_Port.o
#        C:\Users\≤‹≤©\Desktop\KEA≤‚ ‘¥˙¬Î\IAR\Flash_Debug\Obj\KEA128_RTC.o
#        C:\Users\≤‹≤©\Desktop\KEA≤‚ ‘¥˙¬Î\IAR\Flash_Debug\Obj\KEA128_spi.o
#        C:\Users\≤‹≤©\Desktop\KEA≤‚ ‘¥˙¬Î\IAR\Flash_Debug\Obj\KEA128_systick.o
#        C:\Users\≤‹≤©\Desktop\KEA≤‚ ‘¥˙¬Î\IAR\Flash_Debug\Obj\KEA128_UART.o
#        C:\Users\≤‹≤©\Desktop\KEA≤‚ ‘¥˙¬Î\IAR\Flash_Debug\Obj\low_level_init.o
#        C:\Users\≤‹≤©\Desktop\KEA≤‚ ‘¥˙¬Î\IAR\Flash_Debug\Obj\main.o
#        C:\Users\≤‹≤©\Desktop\KEA≤‚ ‘¥˙¬Î\IAR\Flash_Debug\Obj\misc.o
#        C:\Users\≤‹≤©\Desktop\KEA≤‚ ‘¥˙¬Î\IAR\Flash_Debug\Obj\OLED_0_96.o
#        C:\Users\≤‹≤©\Desktop\KEA≤‚ ‘¥˙¬Î\IAR\Flash_Debug\Obj\SEEKFREE_IIC.o
#        C:\Users\≤‹≤©\Desktop\KEA≤‚ ‘¥˙¬Î\IAR\Flash_Debug\Obj\SEEKFREE_MPU6050.o
#        C:\Users\≤‹≤©\Desktop\KEA≤‚ ‘¥˙¬Î\IAR\Flash_Debug\Obj\system_SKEAZ1284.o
#        C:\Users\≤‹≤©\Desktop\KEA≤‚ ‘¥˙¬Î\IAR\Flash_Debug\Obj\TFT_1_8.o
#        -o
#        C:\Users\≤‹≤©\Desktop\KEA≤‚ ‘¥˙¬Î\IAR\Flash_Debug\Exe\SEUsmartcar_KEA.out
#        --redirect _Scanf=_ScanfSmallNoMb --map
#        C:\Users\≤‹≤©\Desktop\KEA≤‚ ‘¥˙¬Î\IAR\Flash_Debug\List\SEUsmartcar_KEA.map
#        --config
#        C:\Users\≤‹≤©\Desktop\KEA≤‚ ‘¥˙¬Î\IAR\..\Libraries\Device\IAR-ARM\linker\KEAZ128xxx4.icf
#        --semihosting --entry __iar_program_start --vfe --text_out locale)
#
###############################################################################

*******************************************************************************
*** RUNTIME MODEL ATTRIBUTES
***

CppFlavor       = *
__SystemLibrary = DLib
__dlib_version  = 6


*******************************************************************************
*** HEAP SELECTION
***

The basic heap was selected because no calls to memory allocation
functions were found in the application outside of system library
functions, and there are calls to deallocation functions in the
application.


*******************************************************************************
*** PLACEMENT SUMMARY
***

"A0":  place at 0x00000000 { ro section .intvec };
"P2":  place in [from 0x00000000 to 0x000003ff] |
                [from 0x00000410 to 0x0001ffff] { ro };
define block CSTACK with size = 1K, alignment = 8 { };
define block HEAP with size = 0M, alignment = 8 { };
"P3":  place in [from 0x1ffff000 to 0x1fffffff] |
                [from 0x20000000 to 0x20002fff] {
          rw, block CSTACK, block HEAP };
initialize by copy { rw };

No sections matched the following patterns:

  section FlashConfig  in "P1"


  Section            Kind        Address   Size  Object
  -------            ----        -------   ----  ------
"A0":                                      0xc0
  .intvec            ro code  0x00000000   0xc0  cstartup_M_KEA128.o [1]
                            - 0x000000c0   0xc0

"P2", part 1 of 2:                         0x20
  .rodata            const    0x000000c0    0x0  copy_init3.o [5]
  Initializer bytes  const    0x000000c0   0x20  <for P3 s0>
                            - 0x000000e0   0x20

"P2", part 2 of 2:                        0x880
  .text              ro code  0x00000410  0x18c  KEA128_GPIO.o [1]
  .text              ro code  0x0000059c   0x70  KEA128_Port.o [1]
  .text              ro code  0x0000060c  0x16c  system_SKEAZ1284.o [1]
  .text              ro code  0x00000778   0x34  ABImemcpy.o [5]
  .text              ro code  0x000007ac   0xe0  I32DivModFast.o [5]
  .text              ro code  0x0000088c    0x2  IntDivZer.o [5]
  .text              ro code  0x0000088e    0x2  cstartup_M_KEA128.o [1]
  .text              ro code  0x00000890   0xd8  KEA128_PIT.o [1]
  .text              ro code  0x00000968   0xac  KEA128_KBI.o [1]
  .text              ro code  0x00000a14   0x84  main.o [1]
  .text              ro code  0x00000a98   0x4e  delay.o [1]
  .text              ro code  0x00000ae8   0x78  KEA128_UART.o [1]
  .text              ro code  0x00000b60   0x40  low_level_init.o [1]
  .text              ro code  0x00000ba0   0x30  copy_init3.o [5]
  .text              ro code  0x00000bd0   0x28  data_init.o [5]
  .iar.init_table    const    0x00000bf8   0x14  - Linker created -
  .text              ro code  0x00000c0c   0x1e  cmain.o [5]
  .text              ro code  0x00000c2a    0x8  exit.o [3]
  .text              ro code  0x00000c34    0xa  cexit.o [5]
  .text              ro code  0x00000c40   0x14  exit.o [6]
  .rodata            const    0x00000c54   0x18  system_SKEAZ1284.o [1]
  .rodata            const    0x00000c6c    0xc  KEA128_GPIO.o [1]
  .rodata            const    0x00000c78    0xc  KEA128_Port.o [1]
  .text              ro code  0x00000c84    0xc  cstartup_M.o [5]
                            - 0x00000c90  0x880

"P3", part 1 of 2:                         0x20
  P3 s0                       0x1ffff000   0x20  <Init block>
    .data            inited   0x1ffff000    0x4  system_SKEAZ1284.o [1]
    .data            inited   0x1ffff004    0x4  system_SKEAZ1284.o [1]
    .data            inited   0x1ffff008    0x4  system_SKEAZ1284.o [1]
    .data            inited   0x1ffff00c    0x4  system_SKEAZ1284.o [1]
    .data            inited   0x1ffff010    0x4  system_SKEAZ1284.o [1]
    .bss             inited   0x1ffff014    0x4  KEA128_KBI.o [1]
    .bss             inited   0x1ffff018    0x4  KEA128_PIT.o [1]
    .bss             inited   0x1ffff01c    0x4  KEA128_UART.o [1]
                            - 0x1ffff020   0x20

"P3", part 2 of 2:                        0x400
  CSTACK                      0x1ffff020  0x400  <Block>
    CSTACK           uninit   0x1ffff020  0x400  <Block tail>
                            - 0x1ffff420  0x400


*******************************************************************************
*** INIT TABLE
***

          Address     Size
          -------     ----
Copy (__iar_copy_init3)
    1 source range, total size 0x20:
          0x000000c0  0x20
    1 destination range, total size 0x20:
          0x1ffff000  0x20



*******************************************************************************
*** MODULE SUMMARY
***

    Module               ro code  ro data  rw data
    ------               -------  -------  -------
C:\Users\≤‹≤©\Desktop\KEA≤‚ ‘¥˙¬Î\IAR\Flash_Debug\Obj: [1]
    KEA128_GPIO.o            396       12
    KEA128_KBI.o             172        4        4
    KEA128_PIT.o             216        4        4
    KEA128_Port.o            112       12
    KEA128_UART.o            120        4        4
    cstartup_M_KEA128.o      194
    delay.o                   78
    low_level_init.o          64
    main.o                   132
    system_SKEAZ1284.o       364       44       20
    ----------------------------------------------
    Total:                 1 848       80       32

command line: [2]
    ----------------------------------------------
    Total:

dl6M_tln.a: [3]
    exit.o                     8
    ----------------------------------------------
    Total:                     8

m6M_tl.a: [4]
    ----------------------------------------------
    Total:

rt6M_tl.a: [5]
    ABImemcpy.o               52
    I32DivModFast.o          224
    IntDivZer.o                2
    cexit.o                   10
    cmain.o                   30
    copy_init3.o              48
    cstartup_M.o              12
    data_init.o               40
    ----------------------------------------------
    Total:                   418

shb_l.a: [6]
    exit.o                    20
    ----------------------------------------------
    Total:                    20

    Gaps                       6
    Linker created                     20    1 024
--------------------------------------------------
    Grand Total:           2 300      100    1 056


*******************************************************************************
*** ENTRY LIST
***

Entry                      Address  Size  Type      Object
-----                      -------  ----  ----      ------
.iar.init_table$$Base   0x00000bf8         --   Gb  - Linker created -
.iar.init_table$$Limit  0x00000c0c         --   Gb  - Linker created -
?main                   0x00000c0d        Code  Gb  cmain.o [5]
CSTACK$$Base            0x1ffff020         --   Gb  - Linker created -
CSTACK$$Limit           0x1ffff420         --   Gb  - Linker created -
Clock_Config            0x0000060d  0x38  Code  Gb  system_SKEAZ1284.o [1]
Disable_Interrupt       0x00000723  0x1c  Code  Gb  system_SKEAZ1284.o [1]
Enable_Interrupt        0x000006eb  0x38  Code  Gb  system_SKEAZ1284.o [1]
GPIOX                   0x00000c6c   0xc  Data  Lc  KEA128_GPIO.o [1]
GPIO_Dir                0x00000473  0xbe  Code  Gb  KEA128_GPIO.o [1]
GPIO_Init               0x00000411  0x62  Code  Gb  KEA128_GPIO.o [1]
GPIO_Set                0x00000531  0x4a  Code  Gb  KEA128_GPIO.o [1]
GPIO_Turn               0x0000057b  0x1c  Code  Gb  KEA128_GPIO.o [1]
Get_Clk                 0x00000645  0xa6  Code  Gb  system_SKEAZ1284.o [1]
KBI0_IRQHandler         0x00000969  0x4c  Code  Gb  KEA128_KBI.o [1]
KBI1_IRQHandler         0x000009b5  0x4a  Code  Gb  KEA128_KBI.o [1]
KBI_Callback            0x1ffff014   0x4  Data  Gb  KEA128_KBI.o [1]
PIT_CH0_IRQHandler      0x00000927  0x18  Code  Gb  KEA128_PIT.o [1]
PIT_CH1_IRQHandler      0x00000941  0x18  Code  Gb  KEA128_PIT.o [1]
PIT_Callback            0x1ffff018   0x4  Data  Gb  KEA128_PIT.o [1]
PIT_Init1               0x00000891  0x84  Code  Gb  KEA128_PIT.o [1]
PIT_Interrupt           0x00000a15  0x10  Code  Gb  main.o [1]
PIT_SetCallback         0x00000921   0x6  Code  Gb  KEA128_PIT.o [1]
Port_Pue                0x0000059d  0x6a  Code  Gb  KEA128_Port.o [1]
Region$$Table$$Base     0x00000bf8         --   Gb  - Linker created -
Region$$Table$$Limit    0x00000c0c         --   Gb  - Linker created -
Soft_Delay_ms           0x00000acd  0x1a  Code  Gb  delay.o [1]
Soft_Delay_us           0x00000a99  0x30  Code  Gb  delay.o [1]
UART0_SCI0_IRQHandler   0x00000ae9  0x22  Code  Gb  KEA128_UART.o [1]
UART1_SCI1_IRQHandler   0x00000b0d  0x22  Code  Gb  KEA128_UART.o [1]
UART2_SCI2_IRQHandler   0x00000b2f  0x22  Code  Gb  KEA128_UART.o [1]
UART_Callback           0x1ffff01c   0x4  Data  Gb  KEA128_UART.o [1]
__aeabi_idiv            0x000007d9        Code  Gb  I32DivModFast.o [5]
__aeabi_idiv0           0x0000088d        Code  Gb  IntDivZer.o [5]
__aeabi_idivmod         0x000007d9        Code  Gb  I32DivModFast.o [5]
__aeabi_memcpy4         0x00000779        Code  Wk  ABImemcpy.o [5]
__aeabi_uidiv           0x000007df        Code  Gb  I32DivModFast.o [5]
__aeabi_uidivmod        0x000007df        Code  Gb  I32DivModFast.o [5]
__cmain                 0x00000c0d        Code  Gb  cmain.o [5]
__exit                  0x00000c41  0x14  Code  Gb  exit.o [6]
__iar_copy_init3        0x00000ba1  0x30  Code  Gb  copy_init3.o [5]
__iar_data_init3        0x00000bd1  0x28  Code  Gb  data_init.o [5]
__iar_program_start     0x00000c85        Code  Gb  cstartup_M.o [5]
__iar_systems$$module {Abs}
                        0x00000001        Data  Gb  command line/config [2]
__low_level_init        0x00000b61  0x40  Code  Gb  low_level_init.o [1]
__vector_table          0x00000000        Data  Gb  cstartup_M_KEA128.o [1]
_call_main              0x00000c19        Code  Gb  cmain.o [5]
_exit                   0x00000c35        Code  Gb  cexit.o [5]
_main                   0x00000c27        Code  Gb  cmain.o [5]
bus_clk_khz             0x1ffff010   0x4  Data  Gb  system_SKEAZ1284.o [1]
core_clk_khz            0x1ffff008   0x4  Data  Gb  system_SKEAZ1284.o [1]
ex_clk_khz              0x1ffff000   0x4  Data  Gb  system_SKEAZ1284.o [1]
exit                    0x00000c2b   0x8  Code  Gb  exit.o [3]
ics_clk_khz             0x1ffff004   0x4  Data  Gb  system_SKEAZ1284.o [1]
main                    0x00000a25  0x62  Code  Gb  main.o [1]
timer_clk_khz           0x1ffff00c   0x4  Data  Gb  system_SKEAZ1284.o [1]


[1] = C:\Users\≤‹≤©\Desktop\KEA≤‚ ‘¥˙¬Î\IAR\Flash_Debug\Obj
[2] = command line
[3] = dl6M_tln.a
[4] = m6M_tl.a
[5] = rt6M_tl.a
[6] = shb_l.a

  2 300 bytes of readonly  code memory
    100 bytes of readonly  data memory
  1 056 bytes of readwrite data memory

Errors: none
Warnings: none
