###############################################################################
#
# IAR ELF Linker V8.22.1.15669/W32 for ARM                14/Dec/2018  21:26:52
# Copyright 2007-2018 IAR Systems AB.
#
#    Output file  =  
#        E:\Storage\CODES\GitHub\Smartcar-on-Mount-Haruna\KEA
#        Demo\IAR\Flash_Debug\Exe\SEUsmartcar_KEA.out
#    Map file     =  
#        E:\Storage\CODES\GitHub\Smartcar-on-Mount-Haruna\KEA
#        Demo\IAR\Flash_Debug\List\SEUsmartcar_KEA.map
#    Command line =  
#        -f C:\Users\zyf19\AppData\Local\Temp\EWF149.tmp
#        ("E:\Storage\CODES\GitHub\Smartcar-on-Mount-Haruna\KEA
#        Demo\IAR\Flash_Debug\Obj\cstartup_M_KEA128.o"
#        "E:\Storage\CODES\GitHub\Smartcar-on-Mount-Haruna\KEA
#        Demo\IAR\Flash_Debug\Obj\delay.o"
#        "E:\Storage\CODES\GitHub\Smartcar-on-Mount-Haruna\KEA
#        Demo\IAR\Flash_Debug\Obj\font.o"
#        "E:\Storage\CODES\GitHub\Smartcar-on-Mount-Haruna\KEA
#        Demo\IAR\Flash_Debug\Obj\KEA128_ADC.o"
#        "E:\Storage\CODES\GitHub\Smartcar-on-Mount-Haruna\KEA
#        Demo\IAR\Flash_Debug\Obj\KEA128_FLASH.o"
#        "E:\Storage\CODES\GitHub\Smartcar-on-Mount-Haruna\KEA
#        Demo\IAR\Flash_Debug\Obj\KEA128_FTM.o"
#        "E:\Storage\CODES\GitHub\Smartcar-on-Mount-Haruna\KEA
#        Demo\IAR\Flash_Debug\Obj\KEA128_GPIO.o"
#        "E:\Storage\CODES\GitHub\Smartcar-on-Mount-Haruna\KEA
#        Demo\IAR\Flash_Debug\Obj\KEA128_IRQ.o"
#        "E:\Storage\CODES\GitHub\Smartcar-on-Mount-Haruna\KEA
#        Demo\IAR\Flash_Debug\Obj\KEA128_KBI.o"
#        "E:\Storage\CODES\GitHub\Smartcar-on-Mount-Haruna\KEA
#        Demo\IAR\Flash_Debug\Obj\KEA128_PIT.o"
#        "E:\Storage\CODES\GitHub\Smartcar-on-Mount-Haruna\KEA
#        Demo\IAR\Flash_Debug\Obj\KEA128_Port.o"
#        "E:\Storage\CODES\GitHub\Smartcar-on-Mount-Haruna\KEA
#        Demo\IAR\Flash_Debug\Obj\KEA128_RTC.o"
#        "E:\Storage\CODES\GitHub\Smartcar-on-Mount-Haruna\KEA
#        Demo\IAR\Flash_Debug\Obj\KEA128_spi.o"
#        "E:\Storage\CODES\GitHub\Smartcar-on-Mount-Haruna\KEA
#        Demo\IAR\Flash_Debug\Obj\KEA128_systick.o"
#        "E:\Storage\CODES\GitHub\Smartcar-on-Mount-Haruna\KEA
#        Demo\IAR\Flash_Debug\Obj\KEA128_UART.o"
#        "E:\Storage\CODES\GitHub\Smartcar-on-Mount-Haruna\KEA
#        Demo\IAR\Flash_Debug\Obj\low_level_init.o"
#        "E:\Storage\CODES\GitHub\Smartcar-on-Mount-Haruna\KEA
#        Demo\IAR\Flash_Debug\Obj\main.o"
#        "E:\Storage\CODES\GitHub\Smartcar-on-Mount-Haruna\KEA
#        Demo\IAR\Flash_Debug\Obj\misc.o"
#        "E:\Storage\CODES\GitHub\Smartcar-on-Mount-Haruna\KEA
#        Demo\IAR\Flash_Debug\Obj\OLED_0_96.o"
#        "E:\Storage\CODES\GitHub\Smartcar-on-Mount-Haruna\KEA
#        Demo\IAR\Flash_Debug\Obj\SEEKFREE_IIC.o"
#        "E:\Storage\CODES\GitHub\Smartcar-on-Mount-Haruna\KEA
#        Demo\IAR\Flash_Debug\Obj\SEEKFREE_MPU6050.o"
#        "E:\Storage\CODES\GitHub\Smartcar-on-Mount-Haruna\KEA
#        Demo\IAR\Flash_Debug\Obj\system_SKEAZ1284.o"
#        "E:\Storage\CODES\GitHub\Smartcar-on-Mount-Haruna\KEA
#        Demo\IAR\Flash_Debug\Obj\TFT_1_8.o" -o
#        "E:\Storage\CODES\GitHub\Smartcar-on-Mount-Haruna\KEA
#        Demo\IAR\Flash_Debug\Exe\SEUsmartcar_KEA.out" --redirect
#        _Scanf=_ScanfSmallNoMb --map
#        "E:\Storage\CODES\GitHub\Smartcar-on-Mount-Haruna\KEA
#        Demo\IAR\Flash_Debug\List\SEUsmartcar_KEA.map" --config
#        "E:\Storage\CODES\GitHub\Smartcar-on-Mount-Haruna\KEA
#        Demo\IAR\..\Libraries\Device\IAR-ARM\linker\KEAZ128xxx4.icf"
#        --semihosting --entry __iar_program_start --vfe --text_out locale)
#
###############################################################################

*******************************************************************************
*** RUNTIME MODEL ATTRIBUTES
***

CppFlavor       = *
__SystemLibrary = DLib
__dlib_version  = 6


*******************************************************************************
*** HEAP SELECTION
***

The basic heap was selected because no calls to memory allocation
functions were found in the application outside of system library
functions, and there are calls to deallocation functions in the
application.


*******************************************************************************
*** PLACEMENT SUMMARY
***

"A0":  place at 0x00000000 { ro section .intvec };
"P2":  place in [from 0x00000000 to 0x000003ff] |
                [from 0x00000410 to 0x0001ffff] { ro };
define block CSTACK with size = 1K, alignment = 8 { };
define block HEAP with size = 0M, alignment = 8 { };
"P3":  place in [from 0x1ffff000 to 0x1fffffff] |
                [from 0x20000000 to 0x20002fff] {
          rw, block CSTACK, block HEAP };
initialize by copy { rw };

No sections matched the following patterns:

  section FlashConfig  in "P1"


  Section            Kind        Address    Size  Object
  -------            ----        -------    ----  ------
"A0":                                       0xc0
  .intvec            ro code  0x00000000    0xc0  cstartup_M_KEA128.o [1]
                            - 0x000000c0    0xc0

"P2", part 1 of 2:                          0x14
  .rodata            const    0x000000c0     0x0  zero_init3.o [5]
  .rodata            const    0x000000c0     0x0  copy_init3.o [5]
  Initializer bytes  const    0x000000c0    0x14  <for P3 s0>
                            - 0x000000d4    0x14

"P2", part 2 of 2:                        0x2b74
  .text              ro code  0x00000410   0x690  OLED_0_96.o [1]
  .text              ro code  0x00000aa0   0x18c  KEA128_GPIO.o [1]
  .text              ro code  0x00000c2c    0xe0  I32DivModFast.o [5]
  .text              ro code  0x00000d0c    0x4e  delay.o [1]
  .text              ro code  0x00000d5a     0xa  xsprout.o [3]
  .text              ro code  0x00000d64    0x70  KEA128_Port.o [1]
  .text              ro code  0x00000dd4     0x2  IntDivZer.o [5]
  .text              ro code  0x00000dd6     0x2  cstartup_M_KEA128.o [1]
  .rodata            const    0x00000dd8   0x5f0  font.o [1]
  .text              ro code  0x000013c8   0x524  KEA128_FTM.o [1]
  .rodata            const    0x000018ec   0x474  font.o [1]
  .text              ro code  0x00001d60   0x238  main.o [1]
  .text              ro code  0x00001f98    0xd8  KEA128_PIT.o [1]
  .text              ro code  0x00002070   0x16c  system_SKEAZ1284.o [1]
  .text              ro code  0x000021dc    0x78  KEA128_ADC.o [1]
  .text              ro code  0x00002254    0xb0  FltMul.o [4]
  .text              ro code  0x00002304   0x120  FltAddSub.o [4]
  .text              ro code  0x00002424    0x3a  FltToS32.o [4]
  .text              ro code  0x00002460    0x34  IxxToDbl.o [4]
  .text              ro code  0x00002494    0x32  FltToDbl.o [4]
  .text              ro code  0x000024c6    0xc2  DblDiv.o [4]
  .text              ro code  0x00002588   0x1a8  DblAddSub.o [4]
  .text              ro code  0x00002730    0x2e  DblToI32.o [4]
  .text              ro code  0x00002760    0x40  sprintf.o [3]
  .text              ro code  0x000027a0    0x36  IxxToFlt.o [4]
  .text              ro code  0x000027d6    0xaa  FltDiv.o [4]
  .text              ro code  0x00002880    0x32  DblCmpGe.o [4]
  .text              ro code  0x000028b4    0x26  FltToU32.o [4]
  .text              ro code  0x000028dc    0x34  ABImemcpy.o [5]
  .text              ro code  0x00002910   0x186  xprintftiny.o [3]
  .text              ro code  0x00002a96    0x10  strlen.o [5]
  .rodata            const    0x00002aa8   0x228  font.o [1]
  .text              ro code  0x00002cd0    0xac  KEA128_KBI.o [1]
  .text              ro code  0x00002d7c    0x78  KEA128_UART.o [1]
  .text              ro code  0x00002df4    0x40  low_level_init.o [1]
  .text              ro code  0x00002e34    0x3c  zero_init3.o [5]
  .text              ro code  0x00002e70    0x30  copy_init3.o [5]
  .text              ro code  0x00002ea0    0x28  data_init.o [5]
  .iar.init_table    const    0x00002ec8    0x24  - Linker created -
  .text              ro code  0x00002eec    0x1e  cmain.o [5]
  .text              ro code  0x00002f0a     0x8  exit.o [3]
  .text              ro code  0x00002f14     0xa  cexit.o [5]
  .text              ro code  0x00002f20    0x14  exit.o [6]
  .rodata            const    0x00002f34    0x18  system_SKEAZ1284.o [1]
  .rodata            const    0x00002f4c     0xc  KEA128_FTM.o [1]
  .rodata            const    0x00002f58     0xc  KEA128_GPIO.o [1]
  .rodata            const    0x00002f64     0xc  KEA128_Port.o [1]
  .text              ro code  0x00002f70     0xc  cstartup_M.o [5]
  .rodata            const    0x00002f7c     0x4  main.o [1]
  .rodata            const    0x00002f80     0x4  main.o [1]
                            - 0x00002f84  0x2b74

"P3", part 1 of 3:                          0x14
  P3 s0                       0x1ffff000    0x14  <Init block>
    .data            inited   0x1ffff000     0x4  system_SKEAZ1284.o [1]
    .data            inited   0x1ffff004     0x4  system_SKEAZ1284.o [1]
    .data            inited   0x1ffff008     0x4  system_SKEAZ1284.o [1]
    .data            inited   0x1ffff00c     0x4  system_SKEAZ1284.o [1]
    .data            inited   0x1ffff010     0x4  system_SKEAZ1284.o [1]
                            - 0x1ffff014    0x14

"P3", part 2 of 3:                         0x430
  .bss               zero     0x1ffff014   0x400  OLED_0_96.o [1]
  .bss               zero     0x1ffff414    0x14  main.o [1]
  .bss               zero     0x1ffff428     0x8  KEA128_FTM.o [1]
  .bss               zero     0x1ffff430     0x4  KEA128_KBI.o [1]
  .bss               zero     0x1ffff434     0x4  KEA128_PIT.o [1]
  .bss               zero     0x1ffff438     0x4  KEA128_UART.o [1]
  .bss               zero     0x1ffff43c     0x4  main.o [1]
  .bss               zero     0x1ffff440     0x2  main.o [1]
  .bss               zero     0x1ffff442     0x2  main.o [1]
                            - 0x1ffff444   0x430

"P3", part 3 of 3:                         0x400
  CSTACK                      0x1ffff448   0x400  <Block>
    CSTACK           uninit   0x1ffff448   0x400  <Block tail>
                            - 0x1ffff848   0x400


*******************************************************************************
*** INIT TABLE
***

          Address     Size
          -------     ----
Zero (__iar_zero_init3)
    1 destination range, total size 0x430:
          0x1ffff014  0x430

Copy (__iar_copy_init3)
    1 source range, total size 0x14:
          0x000000c0   0x14
    1 destination range, total size 0x14:
          0x1ffff000   0x14



*******************************************************************************
*** MODULE SUMMARY
***

    Module               ro code  ro data  rw data
    ------               -------  -------  -------
E:\Storage\CODES\GitHub\Smartcar-on-Mount-Haruna\KEA Demo\IAR\Flash_Debug\Obj: [1]
    KEA128_ADC.o             120
    KEA128_FTM.o           1 316       12        8
    KEA128_GPIO.o            396       12
    KEA128_KBI.o             172                 4
    KEA128_PIT.o             216                 4
    KEA128_Port.o            112       12
    KEA128_UART.o            120                 4
    OLED_0_96.o            1 680             1 024
    cstartup_M_KEA128.o      194
    delay.o                   78
    font.o                          3 212
    low_level_init.o          64
    main.o                   568        8       28
    system_SKEAZ1284.o       364       44       20
    ----------------------------------------------
    Total:                 5 400    3 300    1 092

command line: [2]
    ----------------------------------------------
    Total:

dl6M_tln.a: [3]
    exit.o                     8
    sprintf.o                 64
    xprintftiny.o            390
    xsprout.o                 10
    ----------------------------------------------
    Total:                   472

m6M_tl.a: [4]
    DblAddSub.o              424
    DblCmpGe.o                50
    DblDiv.o                 194
    DblToI32.o                46
    FltAddSub.o              288
    FltDiv.o                 170
    FltMul.o                 176
    FltToDbl.o                50
    FltToS32.o                58
    FltToU32.o                38
    IxxToDbl.o                52
    IxxToFlt.o                54
    ----------------------------------------------
    Total:                 1 600

rt6M_tl.a: [5]
    ABImemcpy.o               52
    I32DivModFast.o          224
    IntDivZer.o                2
    cexit.o                   10
    cmain.o                   30
    copy_init3.o              48
    cstartup_M.o              12
    data_init.o               40
    strlen.o                  16
    zero_init3.o              60
    ----------------------------------------------
    Total:                   494

shb_l.a: [6]
    exit.o                    20
    ----------------------------------------------
    Total:                    20

    Gaps                      12        2
    Linker created                     36    1 024
--------------------------------------------------
    Grand Total:           7 998    3 338    2 116


*******************************************************************************
*** ENTRY LIST
***

Entry                      Address   Size  Type      Object
-----                      -------   ----  ----      ------
.iar.init_table$$Base   0x00002ec8          --   Gb  - Linker created -
.iar.init_table$$Limit  0x00002eec          --   Gb  - Linker created -
?main                   0x00002eed         Code  Gb  cmain.o [5]
AD1                     0x1ffff440    0x2  Data  Gb  main.o [1]
AD2                     0x1ffff442    0x2  Data  Gb  main.o [1]
ADC_Init                0x000021dd   0x30  Code  Gb  KEA128_ADC.o [1]
ADC_Read                0x0000220d   0x2e  Code  Gb  KEA128_ADC.o [1]
CSTACK$$Base            0x1ffff448          --   Gb  - Linker created -
CSTACK$$Limit           0x1ffff848          --   Gb  - Linker created -
Clock_Config            0x00002071   0x38  Code  Gb  system_SKEAZ1284.o [1]
Disable_Interrupt       0x00002187   0x1c  Code  Gb  system_SKEAZ1284.o [1]
Enable_Interrupt        0x0000214f   0x38  Code  Gb  system_SKEAZ1284.o [1]
F6x8                    0x00002aa8  0x228  Data  Gb  font.o [1]
FTMX                    0x00002f4c    0xc  Data  Lc  KEA128_FTM.o [1]
FTM_PWM_Duty            0x00001805   0xd6  Code  Gb  KEA128_FTM.o [1]
FTM_PWM_Init            0x00001671  0x18e  Code  Gb  KEA128_FTM.o [1]
FTM_Pinmux              0x000013c9  0x290  Code  Gb  KEA128_FTM.o [1]
GPIOX                   0x00002f58    0xc  Data  Lc  KEA128_GPIO.o [1]
GPIO_Dir                0x00000b03   0xbe  Code  Gb  KEA128_GPIO.o [1]
GPIO_Init               0x00000aa1   0x62  Code  Gb  KEA128_GPIO.o [1]
GPIO_Set                0x00000bc1   0x4a  Code  Gb  KEA128_GPIO.o [1]
GPIO_Turn               0x00000c0b   0x1c  Code  Gb  KEA128_GPIO.o [1]
Get_Clk                 0x000020a9   0xa6  Code  Gb  system_SKEAZ1284.o [1]
KBI0_IRQHandler         0x00002cd1   0x4c  Code  Gb  KEA128_KBI.o [1]
KBI1_IRQHandler         0x00002d1d   0x4a  Code  Gb  KEA128_KBI.o [1]
KBI_Callback            0x1ffff430    0x4  Data  Gb  KEA128_KBI.o [1]
OLED_Clear              0x0000057f   0x36  Code  Gb  OLED_0_96.o [1]
OLED_Display_Config     0x000006f5   0x4a  Code  Gb  OLED_0_96.o [1]
OLED_DrawPoint          0x0000073f   0xee  Code  Gb  OLED_0_96.o [1]
OLED_GRAM               0x1ffff014  0x400  Data  Gb  OLED_0_96.o [1]
OLED_Init               0x000005b9  0x13c  Code  Gb  OLED_0_96.o [1]
OLED_Refresh_Gram       0x000004b5   0x54  Code  Gb  OLED_0_96.o [1]
OLED_Refresh_Gram_Page  0x00000509   0x76  Code  Gb  OLED_0_96.o [1]
OLED_Set_Pos            0x0000046f   0x46  Code  Gb  OLED_0_96.o [1]
OLED_Show_String        0x00000831  0x262  Code  Gb  OLED_0_96.o [1]
OLED_WR_Byte            0x00000411   0x5e  Code  Gb  OLED_0_96.o [1]
PIT_CH0_IRQHandler      0x0000202f   0x18  Code  Gb  KEA128_PIT.o [1]
PIT_CH1_IRQHandler      0x00002049   0x18  Code  Gb  KEA128_PIT.o [1]
PIT_Callback            0x1ffff434    0x4  Data  Gb  KEA128_PIT.o [1]
PIT_Init1               0x00001f99   0x84  Code  Gb  KEA128_PIT.o [1]
PIT_Interrupt           0x00001d61   0x10  Code  Gb  main.o [1]
PIT_SetCallback         0x00002029    0x6  Code  Gb  KEA128_PIT.o [1]
Port_Pue                0x00000d65   0x6a  Code  Gb  KEA128_Port.o [1]
Region$$Table$$Base     0x00002ec8          --   Gb  - Linker created -
Region$$Table$$Limit    0x00002eec          --   Gb  - Linker created -
Soft_Delay_ms           0x00000d41   0x1a  Code  Gb  delay.o [1]
Soft_Delay_us           0x00000d0d   0x30  Code  Gb  delay.o [1]
UART0_SCI0_IRQHandler   0x00002d7d   0x22  Code  Gb  KEA128_UART.o [1]
UART1_SCI1_IRQHandler   0x00002da1   0x22  Code  Gb  KEA128_UART.o [1]
UART2_SCI2_IRQHandler   0x00002dc3   0x22  Code  Gb  KEA128_UART.o [1]
UART_Callback           0x1ffff438    0x4  Data  Gb  KEA128_UART.o [1]
_PrintfTiny             0x0000292b  0x16c  Code  Gb  xprintftiny.o [3]
_SProut                 0x00000d5b    0xa  Code  Gb  xsprout.o [3]
__aeabi_cdrcmple        0x00002881         Code  Gb  DblCmpGe.o [4]
__aeabi_d2uiz           0x00002731         Code  Gb  DblToI32.o [4]
__aeabi_ddiv            0x000024c7         Code  Gb  DblDiv.o [4]
__aeabi_dsub            0x00002643         Code  Gb  DblAddSub.o [4]
__aeabi_f2d             0x00002495         Code  Gb  FltToDbl.o [4]
__aeabi_f2iz            0x00002425         Code  Gb  FltToS32.o [4]
__aeabi_f2uiz           0x000028b5         Code  Gb  FltToU32.o [4]
__aeabi_fadd            0x00002305         Code  Gb  FltAddSub.o [4]
__aeabi_fdiv            0x000027d7         Code  Gb  FltDiv.o [4]
__aeabi_fmul            0x00002255         Code  Gb  FltMul.o [4]
__aeabi_fsub            0x00002375         Code  Gb  FltAddSub.o [4]
__aeabi_i2d             0x00002481         Code  Gb  IxxToDbl.o [4]
__aeabi_i2f             0x000027c1         Code  Gb  IxxToFlt.o [4]
__aeabi_idiv            0x00000c59         Code  Gb  I32DivModFast.o [5]
__aeabi_idiv0           0x00000dd5         Code  Gb  IntDivZer.o [5]
__aeabi_idivmod         0x00000c59         Code  Gb  I32DivModFast.o [5]
__aeabi_memcpy4         0x000028dd         Code  Wk  ABImemcpy.o [5]
__aeabi_ui2d            0x00002461         Code  Gb  IxxToDbl.o [4]
__aeabi_ui2f            0x000027a1         Code  Gb  IxxToFlt.o [4]
__aeabi_uidiv           0x00000c5f         Code  Gb  I32DivModFast.o [5]
__aeabi_uidivmod        0x00000c5f         Code  Gb  I32DivModFast.o [5]
__cmain                 0x00002eed         Code  Gb  cmain.o [5]
__exit                  0x00002f21   0x14  Code  Gb  exit.o [6]
__iar_copy_init3        0x00002e71   0x30  Code  Gb  copy_init3.o [5]
__iar_d2uiz             0x00002735         Code  Gb  DblToI32.o [4]
__iar_data_init3        0x00002ea1   0x28  Code  Gb  data_init.o [5]
__iar_program_start     0x00002f71         Code  Gb  cstartup_M.o [5]
__iar_systems$$module {Abs}
                        0x00000001         Data  Gb  command line/config [2]
__iar_zero_init3        0x00002e35   0x3c  Code  Gb  zero_init3.o [5]
__low_level_init        0x00002df5   0x40  Code  Gb  low_level_init.o [1]
__vector_table          0x00000000         Data  Gb  cstartup_M_KEA128.o [1]
_call_main              0x00002ef9         Code  Gb  cmain.o [5]
_exit                   0x00002f15         Code  Gb  cexit.o [5]
_main                   0x00002f07         Code  Gb  cmain.o [5]
asc2_1206               0x000018ec  0x474  Data  Gb  font.o [1]
asc2_1608               0x00000dd8  0x5f0  Data  Gb  font.o [1]
bus_clk_khz             0x1ffff010    0x4  Data  Gb  system_SKEAZ1284.o [1]
core_clk_khz            0x1ffff008    0x4  Data  Gb  system_SKEAZ1284.o [1]
ex_clk_khz              0x1ffff000    0x4  Data  Gb  system_SKEAZ1284.o [1]
exit                    0x00002f0b    0x8  Code  Gb  exit.o [3]
ics_clk_khz             0x1ffff004    0x4  Data  Gb  system_SKEAZ1284.o [1]
main                    0x00001d71  0x1e8  Code  Gb  main.o [1]
mid                     0x00002f80    0x4  Data  Gb  main.o [1]
offset                  0x1ffff43c    0x4  Data  Gb  main.o [1]
out                     0x00002911   0x1a  Code  Lc  xprintftiny.o [3]
period                  0x1ffff428    0x8  Data  Gb  KEA128_FTM.o [1]
speed                   0x00002f7c    0x4  Data  Gb  main.o [1]
spring_oled             0x1ffff414   0x14  Data  Gb  main.o [1]
sprintf                 0x00002761   0x40  Code  Gb  sprintf.o [3]
strlen                  0x00002a97   0x10  Code  Gb  strlen.o [5]
timer_clk_khz           0x1ffff00c    0x4  Data  Gb  system_SKEAZ1284.o [1]


[1] = E:\Storage\CODES\GitHub\Smartcar-on-Mount-Haruna\KEA Demo\IAR\Flash_Debug\Obj
[2] = command line
[3] = dl6M_tln.a
[4] = m6M_tl.a
[5] = rt6M_tl.a
[6] = shb_l.a

  7 998 bytes of readonly  code memory
  3 338 bytes of readonly  data memory
  2 116 bytes of readwrite data memory

Errors: none
Warnings: none
