###############################################################################
#
# IAR ELF Linker V8.22.1.15669/W32 for ARM                03/Dec/2018  20:32:02
# Copyright 2007-2018 IAR Systems AB.
#
#    Output file  =  
#        E:\Storage\CODES\GitHub\Smartcar-on-Mount-Haruna\KEA
#        Demo\IAR\Flash_Debug\Exe\SEUsmartcar_KEA.out
#    Map file     =  
#        E:\Storage\CODES\GitHub\Smartcar-on-Mount-Haruna\KEA
#        Demo\IAR\Flash_Debug\List\SEUsmartcar_KEA.map
#    Command line =  
#        -f C:\Users\zyf19\AppData\Local\Temp\EWD3EC.tmp
#        ("E:\Storage\CODES\GitHub\Smartcar-on-Mount-Haruna\KEA
#        Demo\IAR\Flash_Debug\Obj\cstartup_M_KEA128.o"
#        "E:\Storage\CODES\GitHub\Smartcar-on-Mount-Haruna\KEA
#        Demo\IAR\Flash_Debug\Obj\delay.o"
#        "E:\Storage\CODES\GitHub\Smartcar-on-Mount-Haruna\KEA
#        Demo\IAR\Flash_Debug\Obj\font.o"
#        "E:\Storage\CODES\GitHub\Smartcar-on-Mount-Haruna\KEA
#        Demo\IAR\Flash_Debug\Obj\KEA128_ADC.o"
#        "E:\Storage\CODES\GitHub\Smartcar-on-Mount-Haruna\KEA
#        Demo\IAR\Flash_Debug\Obj\KEA128_FLASH.o"
#        "E:\Storage\CODES\GitHub\Smartcar-on-Mount-Haruna\KEA
#        Demo\IAR\Flash_Debug\Obj\KEA128_FTM.o"
#        "E:\Storage\CODES\GitHub\Smartcar-on-Mount-Haruna\KEA
#        Demo\IAR\Flash_Debug\Obj\KEA128_GPIO.o"
#        "E:\Storage\CODES\GitHub\Smartcar-on-Mount-Haruna\KEA
#        Demo\IAR\Flash_Debug\Obj\KEA128_IRQ.o"
#        "E:\Storage\CODES\GitHub\Smartcar-on-Mount-Haruna\KEA
#        Demo\IAR\Flash_Debug\Obj\KEA128_KBI.o"
#        "E:\Storage\CODES\GitHub\Smartcar-on-Mount-Haruna\KEA
#        Demo\IAR\Flash_Debug\Obj\KEA128_PIT.o"
#        "E:\Storage\CODES\GitHub\Smartcar-on-Mount-Haruna\KEA
#        Demo\IAR\Flash_Debug\Obj\KEA128_Port.o"
#        "E:\Storage\CODES\GitHub\Smartcar-on-Mount-Haruna\KEA
#        Demo\IAR\Flash_Debug\Obj\KEA128_RTC.o"
#        "E:\Storage\CODES\GitHub\Smartcar-on-Mount-Haruna\KEA
#        Demo\IAR\Flash_Debug\Obj\KEA128_spi.o"
#        "E:\Storage\CODES\GitHub\Smartcar-on-Mount-Haruna\KEA
#        Demo\IAR\Flash_Debug\Obj\KEA128_systick.o"
#        "E:\Storage\CODES\GitHub\Smartcar-on-Mount-Haruna\KEA
#        Demo\IAR\Flash_Debug\Obj\KEA128_UART.o"
#        "E:\Storage\CODES\GitHub\Smartcar-on-Mount-Haruna\KEA
#        Demo\IAR\Flash_Debug\Obj\low_level_init.o"
#        "E:\Storage\CODES\GitHub\Smartcar-on-Mount-Haruna\KEA
#        Demo\IAR\Flash_Debug\Obj\main.o"
#        "E:\Storage\CODES\GitHub\Smartcar-on-Mount-Haruna\KEA
#        Demo\IAR\Flash_Debug\Obj\misc.o"
#        "E:\Storage\CODES\GitHub\Smartcar-on-Mount-Haruna\KEA
#        Demo\IAR\Flash_Debug\Obj\OLED_0_96.o"
#        "E:\Storage\CODES\GitHub\Smartcar-on-Mount-Haruna\KEA
#        Demo\IAR\Flash_Debug\Obj\SEEKFREE_IIC.o"
#        "E:\Storage\CODES\GitHub\Smartcar-on-Mount-Haruna\KEA
#        Demo\IAR\Flash_Debug\Obj\SEEKFREE_MPU6050.o"
#        "E:\Storage\CODES\GitHub\Smartcar-on-Mount-Haruna\KEA
#        Demo\IAR\Flash_Debug\Obj\system_SKEAZ1284.o"
#        "E:\Storage\CODES\GitHub\Smartcar-on-Mount-Haruna\KEA
#        Demo\IAR\Flash_Debug\Obj\TFT_1_8.o" -o
#        "E:\Storage\CODES\GitHub\Smartcar-on-Mount-Haruna\KEA
#        Demo\IAR\Flash_Debug\Exe\SEUsmartcar_KEA.out" --redirect
#        _Scanf=_ScanfSmallNoMb --map
#        "E:\Storage\CODES\GitHub\Smartcar-on-Mount-Haruna\KEA
#        Demo\IAR\Flash_Debug\List\SEUsmartcar_KEA.map" --config
#        "E:\Storage\CODES\GitHub\Smartcar-on-Mount-Haruna\KEA
#        Demo\IAR\..\Libraries\Device\IAR-ARM\linker\KEAZ128xxx4.icf"
#        --semihosting --entry __iar_program_start --vfe --text_out locale)
#
###############################################################################

*******************************************************************************
*** RUNTIME MODEL ATTRIBUTES
***

CppFlavor       = *
__SystemLibrary = DLib
__dlib_version  = 6


*******************************************************************************
*** HEAP SELECTION
***

The basic heap was selected because no calls to memory allocation
functions were found in the application outside of system library
functions, and there are calls to deallocation functions in the
application.


*******************************************************************************
*** PLACEMENT SUMMARY
***

"A0":  place at 0x00000000 { ro section .intvec };
"P2":  place in [from 0x00000000 to 0x000003ff] |
                [from 0x00000410 to 0x0001ffff] { ro };
define block CSTACK with size = 1K, alignment = 8 { };
define block HEAP with size = 0M, alignment = 8 { };
"P3":  place in [from 0x1ffff000 to 0x1fffffff] |
                [from 0x20000000 to 0x20002fff] {
          rw, block CSTACK, block HEAP };
initialize by copy { rw };

No sections matched the following patterns:

  section FlashConfig  in "P1"


  Section            Kind        Address    Size  Object
  -------            ----        -------    ----  ------
"A0":                                       0xc0
  .intvec            ro code  0x00000000    0xc0  cstartup_M_KEA128.o [1]
                            - 0x000000c0    0xc0

"P2", part 1 of 2:                          0x14
  .rodata            const    0x000000c0     0x0  zero_init3.o [5]
  .rodata            const    0x000000c0     0x0  copy_init3.o [5]
  Initializer bytes  const    0x000000c0    0x14  <for P3 s0>
                            - 0x000000d4    0x14

"P2", part 2 of 2:                        0x1798
  .text              ro code  0x00000410   0x698  KEA128_FTM.o [1]
  .text              ro code  0x00000aa8    0xe0  I32DivModFast.o [5]
  .text              ro code  0x00000b88     0x2  IntDivZer.o [5]
  .text              ro code  0x00000b8a     0x2  cstartup_M_KEA128.o [1]
  .text              ro code  0x00000b8c   0x270  OLED_0_96.o [1]
  .text              ro code  0x00000dfc   0x18c  KEA128_GPIO.o [1]
  .text              ro code  0x00000f88    0x4e  delay.o [1]
  .text              ro code  0x00000fd8    0x70  KEA128_Port.o [1]
  .text              ro code  0x00001048   0x1cc  main.o [1]
  .text              ro code  0x00001214    0x78  KEA128_ADC.o [1]
  .text              ro code  0x0000128c    0x36  IxxToFlt.o [4]
  .text              ro code  0x000012c2    0xb0  FltMul.o [4]
  .text              ro code  0x00001374    0x32  FltToDbl.o [4]
  .text              ro code  0x000013a6   0x184  DblMul.o [4]
  .text              ro code  0x0000152c    0x34  IxxToDbl.o [4]
  .text              ro code  0x00001560    0xc2  DblDiv.o [4]
  .text              ro code  0x00001622    0x62  DblToFlt.o [4]
  .text              ro code  0x00001684    0xd8  KEA128_PIT.o [1]
  .text              ro code  0x0000175c   0x16c  system_SKEAZ1284.o [1]
  .text              ro code  0x000018c8    0x34  ABImemcpy.o [5]
  .text              ro code  0x000018fc    0xac  KEA128_KBI.o [1]
  .text              ro code  0x000019a8    0x78  KEA128_UART.o [1]
  .text              ro code  0x00001a20    0x40  low_level_init.o [1]
  .text              ro code  0x00001a60    0x3c  zero_init3.o [5]
  .text              ro code  0x00001a9c    0x30  copy_init3.o [5]
  .text              ro code  0x00001acc    0x28  data_init.o [5]
  .iar.init_table    const    0x00001af4    0x24  - Linker created -
  .text              ro code  0x00001b18    0x1e  cmain.o [5]
  .text              ro code  0x00001b36     0x8  exit.o [3]
  .text              ro code  0x00001b40     0xa  cexit.o [5]
  .text              ro code  0x00001b4c    0x14  exit.o [6]
  .rodata            const    0x00001b60    0x18  system_SKEAZ1284.o [1]
  .rodata            const    0x00001b78     0xc  KEA128_FTM.o [1]
  .rodata            const    0x00001b84     0xc  KEA128_GPIO.o [1]
  .rodata            const    0x00001b90     0xc  KEA128_Port.o [1]
  .text              ro code  0x00001b9c     0xc  cstartup_M.o [5]
                            - 0x00001ba8  0x1798

"P3", part 1 of 3:                          0x14
  P3 s0                       0x1ffff000    0x14  <Init block>
    .data            inited   0x1ffff000     0x4  system_SKEAZ1284.o [1]
    .data            inited   0x1ffff004     0x4  system_SKEAZ1284.o [1]
    .data            inited   0x1ffff008     0x4  system_SKEAZ1284.o [1]
    .data            inited   0x1ffff00c     0x4  system_SKEAZ1284.o [1]
    .data            inited   0x1ffff010     0x4  system_SKEAZ1284.o [1]
                            - 0x1ffff014    0x14

"P3", part 2 of 3:                         0x424
  .bss               zero     0x1ffff014   0x400  OLED_0_96.o [1]
  .bss               zero     0x1ffff414     0x8  KEA128_FTM.o [1]
  .bss               zero     0x1ffff41c     0x4  KEA128_KBI.o [1]
  .bss               zero     0x1ffff420     0x4  KEA128_PIT.o [1]
  .bss               zero     0x1ffff424     0x4  KEA128_UART.o [1]
  .bss               zero     0x1ffff428     0x4  main.o [1]
  .bss               zero     0x1ffff42c     0x4  main.o [1]
  .bss               zero     0x1ffff430     0x2  main.o [1]
  .bss               zero     0x1ffff432     0x2  main.o [1]
  .bss               zero     0x1ffff434     0x2  main.o [1]
                            - 0x1ffff436   0x422

"P3", part 3 of 3:                         0x400
  CSTACK                      0x1ffff438   0x400  <Block>
    CSTACK           uninit   0x1ffff438   0x400  <Block tail>
                            - 0x1ffff838   0x400


*******************************************************************************
*** INIT TABLE
***

          Address     Size
          -------     ----
Zero (__iar_zero_init3)
    1 destination range, total size 0x422:
          0x1ffff014  0x422

Copy (__iar_copy_init3)
    1 source range, total size 0x14:
          0x000000c0   0x14
    1 destination range, total size 0x14:
          0x1ffff000   0x14



*******************************************************************************
*** MODULE SUMMARY
***

    Module               ro code  ro data  rw data
    ------               -------  -------  -------
E:\Storage\CODES\GitHub\Smartcar-on-Mount-Haruna\KEA Demo\IAR\Flash_Debug\Obj: [1]
    KEA128_ADC.o             120
    KEA128_FTM.o           1 688       12        8
    KEA128_GPIO.o            396       12
    KEA128_KBI.o             172                 4
    KEA128_PIT.o             216                 4
    KEA128_Port.o            112       12
    KEA128_UART.o            120                 4
    OLED_0_96.o              624             1 024
    cstartup_M_KEA128.o      194
    delay.o                   78
    low_level_init.o          64
    main.o                   460                14
    system_SKEAZ1284.o       364       44       20
    ----------------------------------------------
    Total:                 4 608       80    1 078

command line: [2]
    ----------------------------------------------
    Total:

dl6M_tln.a: [3]
    exit.o                     8
    ----------------------------------------------
    Total:                     8

m6M_tl.a: [4]
    DblDiv.o                 194
    DblMul.o                 388
    DblToFlt.o                98
    FltMul.o                 176
    FltToDbl.o                50
    IxxToDbl.o                52
    IxxToFlt.o                54
    ----------------------------------------------
    Total:                 1 012

rt6M_tl.a: [5]
    ABImemcpy.o               52
    I32DivModFast.o          224
    IntDivZer.o                2
    cexit.o                   10
    cmain.o                   30
    copy_init3.o              48
    cstartup_M.o              12
    data_init.o               40
    zero_init3.o              60
    ----------------------------------------------
    Total:                   478

shb_l.a: [6]
    exit.o                    20
    ----------------------------------------------
    Total:                    20

    Gaps                      10
    Linker created                     36    1 024
--------------------------------------------------
    Grand Total:           6 136      116    2 102


*******************************************************************************
*** ENTRY LIST
***

Entry                      Address   Size  Type      Object
-----                      -------   ----  ----      ------
.iar.init_table$$Base   0x00001af4          --   Gb  - Linker created -
.iar.init_table$$Limit  0x00001b18          --   Gb  - Linker created -
?main                   0x00001b19         Code  Gb  cmain.o [5]
AD1                     0x1ffff430    0x2  Data  Gb  main.o [1]
AD2                     0x1ffff432    0x2  Data  Gb  main.o [1]
ADC_Init                0x00001215   0x30  Code  Gb  KEA128_ADC.o [1]
ADC_Read                0x00001245   0x2e  Code  Gb  KEA128_ADC.o [1]
CSTACK$$Base            0x1ffff438          --   Gb  - Linker created -
CSTACK$$Limit           0x1ffff838          --   Gb  - Linker created -
Clock_Config            0x0000175d   0x38  Code  Gb  system_SKEAZ1284.o [1]
Control                 0x00001049   0x78  Code  Gb  main.o [1]
Disable_Interrupt       0x00001873   0x1c  Code  Gb  system_SKEAZ1284.o [1]
Enable_Interrupt        0x0000183b   0x38  Code  Gb  system_SKEAZ1284.o [1]
FTMX                    0x00001b78    0xc  Data  Lc  KEA128_FTM.o [1]
FTM_Count_Clean         0x00000935   0x18  Code  Gb  KEA128_FTM.o [1]
FTM_Enable_CLK          0x0000094d   0x1c  Code  Lc  KEA128_FTM.o [1]
FTM_PWM_Duty            0x0000084d   0xd6  Code  Gb  KEA128_FTM.o [1]
FTM_PWM_Init            0x000006b9  0x18e  Code  Gb  KEA128_FTM.o [1]
FTM_Pinmux              0x00000411  0x290  Code  Gb  KEA128_FTM.o [1]
FTM_Pulse_Get           0x00000a7f   0x18  Code  Gb  KEA128_FTM.o [1]
FTM_Pulse_Init          0x000009f5   0x8a  Code  Gb  KEA128_FTM.o [1]
FTM_Pulse_Pinmux        0x0000096b   0x82  Code  Gb  KEA128_FTM.o [1]
GPIOX                   0x00001b84    0xc  Data  Lc  KEA128_GPIO.o [1]
GPIO_Dir                0x00000e5f   0xbe  Code  Gb  KEA128_GPIO.o [1]
GPIO_Init               0x00000dfd   0x62  Code  Gb  KEA128_GPIO.o [1]
GPIO_Set                0x00000f1d   0x4a  Code  Gb  KEA128_GPIO.o [1]
GPIO_Turn               0x00000f67   0x1c  Code  Gb  KEA128_GPIO.o [1]
Get_Clk                 0x00001795   0xa6  Code  Gb  system_SKEAZ1284.o [1]
KBI0_IRQHandler         0x000018fd   0x4c  Code  Gb  KEA128_KBI.o [1]
KBI1_IRQHandler         0x00001949   0x4a  Code  Gb  KEA128_KBI.o [1]
KBI_Callback            0x1ffff41c    0x4  Data  Gb  KEA128_KBI.o [1]
OLED_Clear              0x00000c85   0x36  Code  Gb  OLED_0_96.o [1]
OLED_GRAM               0x1ffff014  0x400  Data  Gb  OLED_0_96.o [1]
OLED_Init               0x00000cc1  0x13c  Code  Gb  OLED_0_96.o [1]
OLED_Refresh_Gram       0x00000c31   0x54  Code  Gb  OLED_0_96.o [1]
OLED_Set_Pos            0x00000beb   0x46  Code  Gb  OLED_0_96.o [1]
OLED_WR_Byte            0x00000b8d   0x5e  Code  Gb  OLED_0_96.o [1]
PIT_CH0_IRQHandler      0x0000171b   0x18  Code  Gb  KEA128_PIT.o [1]
PIT_CH1_IRQHandler      0x00001735   0x18  Code  Gb  KEA128_PIT.o [1]
PIT_Callback            0x1ffff420    0x4  Data  Gb  KEA128_PIT.o [1]
PIT_Init1               0x00001685   0x84  Code  Gb  KEA128_PIT.o [1]
PIT_Interrupt           0x000010c1   0x14  Code  Gb  main.o [1]
PIT_SetCallback         0x00001715    0x6  Code  Gb  KEA128_PIT.o [1]
Port_Pue                0x00000fd9   0x6a  Code  Gb  KEA128_Port.o [1]
Region$$Table$$Base     0x00001af4          --   Gb  - Linker created -
Region$$Table$$Limit    0x00001b18          --   Gb  - Linker created -
Soft_Delay_ms           0x00000fbd   0x1a  Code  Gb  delay.o [1]
Soft_Delay_us           0x00000f89   0x30  Code  Gb  delay.o [1]
UART0_SCI0_IRQHandler   0x000019a9   0x22  Code  Gb  KEA128_UART.o [1]
UART1_SCI1_IRQHandler   0x000019cd   0x22  Code  Gb  KEA128_UART.o [1]
UART2_SCI2_IRQHandler   0x000019ef   0x22  Code  Gb  KEA128_UART.o [1]
UART_Callback           0x1ffff424    0x4  Data  Gb  KEA128_UART.o [1]
__aeabi_d2f             0x00001623         Code  Gb  DblToFlt.o [4]
__aeabi_ddiv            0x00001561         Code  Gb  DblDiv.o [4]
__aeabi_dmul            0x000013a7         Code  Gb  DblMul.o [4]
__aeabi_f2d             0x00001375         Code  Gb  FltToDbl.o [4]
__aeabi_fmul            0x000012c3         Code  Gb  FltMul.o [4]
__aeabi_i2d             0x0000154d         Code  Gb  IxxToDbl.o [4]
__aeabi_i2f             0x000012ad         Code  Gb  IxxToFlt.o [4]
__aeabi_idiv            0x00000ad5         Code  Gb  I32DivModFast.o [5]
__aeabi_idiv0           0x00000b89         Code  Gb  IntDivZer.o [5]
__aeabi_idivmod         0x00000ad5         Code  Gb  I32DivModFast.o [5]
__aeabi_memcpy4         0x000018c9         Code  Wk  ABImemcpy.o [5]
__aeabi_ui2d            0x0000152d         Code  Gb  IxxToDbl.o [4]
__aeabi_ui2f            0x0000128d         Code  Gb  IxxToFlt.o [4]
__aeabi_uidiv           0x00000adb         Code  Gb  I32DivModFast.o [5]
__aeabi_uidivmod        0x00000adb         Code  Gb  I32DivModFast.o [5]
__cmain                 0x00001b19         Code  Gb  cmain.o [5]
__exit                  0x00001b4d   0x14  Code  Gb  exit.o [6]
__iar_copy_init3        0x00001a9d   0x30  Code  Gb  copy_init3.o [5]
__iar_data_init3        0x00001acd   0x28  Code  Gb  data_init.o [5]
__iar_program_start     0x00001b9d         Code  Gb  cstartup_M.o [5]
__iar_systems$$module {Abs}
                        0x00000001         Data  Gb  command line/config [2]
__iar_zero_init3        0x00001a61   0x3c  Code  Gb  zero_init3.o [5]
__low_level_init        0x00001a21   0x40  Code  Gb  low_level_init.o [1]
__vector_table          0x00000000         Data  Gb  cstartup_M_KEA128.o [1]
_call_main              0x00001b25         Code  Gb  cmain.o [5]
_exit                   0x00001b41         Code  Gb  cexit.o [5]
_main                   0x00001b33         Code  Gb  cmain.o [5]
bus_clk_khz             0x1ffff010    0x4  Data  Gb  system_SKEAZ1284.o [1]
core_clk_khz            0x1ffff008    0x4  Data  Gb  system_SKEAZ1284.o [1]
count                   0x1ffff434    0x2  Data  Gb  main.o [1]
ex_clk_khz              0x1ffff000    0x4  Data  Gb  system_SKEAZ1284.o [1]
exit                    0x00001b37    0x8  Code  Gb  exit.o [3]
ics_clk_khz             0x1ffff004    0x4  Data  Gb  system_SKEAZ1284.o [1]
main                    0x000010d5  0x110  Code  Gb  main.o [1]
offset                  0x1ffff42c    0x4  Data  Gb  main.o [1]
period                  0x1ffff414    0x8  Data  Gb  KEA128_FTM.o [1]
pre_offset              0x1ffff428    0x4  Data  Gb  main.o [1]
timer_clk_khz           0x1ffff00c    0x4  Data  Gb  system_SKEAZ1284.o [1]


[1] = E:\Storage\CODES\GitHub\Smartcar-on-Mount-Haruna\KEA Demo\IAR\Flash_Debug\Obj
[2] = command line
[3] = dl6M_tln.a
[4] = m6M_tl.a
[5] = rt6M_tl.a
[6] = shb_l.a

  6 136 bytes of readonly  code memory
    116 bytes of readonly  data memory
  2 102 bytes of readwrite data memory

Errors: none
Warnings: none
